

  >>>>>>>>>>>>>>>>>>>>>>>>>>>>>>>>>>>>>>>>>>>>> 
     Substep box component ordering 
  >>>>>>>>>>>>>>>>>>>>>>>>>>>>>>>>>>>>>>>>>>>>>

    Box  mmc, processor No. 0
      comp type:            _feedback,  comp name: (null)
      comp type:            _feedback,  comp name: (null)
      comp type:            _feedback,  comp name: (null)
      comp type:            _feedback,  comp name: (null)
      comp type:            _feedback,  comp name: (null)
      comp type:            _feedback,  comp name: (null)
      comp type:            _feedback,  comp name: (null)
      comp type:            _feedback,  comp name: (null)
      comp type:            _feedback,  comp name: (null)
      comp type:            _feedback,  comp name: (null)
      comp type:            _feedback,  comp name: (null)
      comp type:            _feedback,  comp name: (null)
      comp type:        _hierarchy_cb,  comp name: mmc
      comp type:             netsolCB,  comp name: mmcT1
      comp type:           Random_Gen,  comp name: (null)
      comp type:           Random_Gen,  comp name: (null)
      comp type:           Random_Gen,  comp name: (null)
      comp type:               RCONST,  comp name: (null)
      comp type:               RCONST,  comp name: (null)
      comp type:               RCONST,  comp name: (null)
      comp type:               RCONST,  comp name: (null)
      comp type:               RCONST,  comp name: (null)
      comp type:               RCONST,  comp name: (null)
      comp type:               RCONST,  comp name: (null)
      comp type:               RCONST,  comp name: (null)
      comp type:               RCONST,  comp name: (null)
      comp type:               RCONST,  comp name: (null)
      comp type:               RCONST,  comp name: (null)
      comp type:               RCONST,  comp name: (null)
      comp type:               RCONST,  comp name: (null)
      comp type:               RCONST,  comp name: (null)
      comp type:               RCONST,  comp name: (null)
      comp type:               RCONST,  comp name: (null)
      comp type:               RCONST,  comp name: (null)
      comp type:               RCONST,  comp name: (null)
      comp type:               RCONST,  comp name: (null)
      comp type:               RCONST,  comp name: (null)
      comp type:               RCONST,  comp name: (null)
      comp type:               RCONST,  comp name: (null)
      comp type:               RCONST,  comp name: (null)
      comp type:               RCONST,  comp name: (null)
      comp type:               RCONST,  comp name: (null)
      comp type:               RCONST,  comp name: (null)
      comp type:               RCONST,  comp name: (null)
      comp type:               RCONST,  comp name: (null)
      comp type:               RCONST,  comp name: (null)
      comp type:               RCONST,  comp name: (null)
      comp type:               RCONST,  comp name: (null)
      comp type:               RCONST,  comp name: (null)
      comp type:               RCONST,  comp name: (null)
      comp type:               RCONST,  comp name: (null)
      comp type:               RCONST,  comp name: (null)
      comp type:               RCONST,  comp name: (null)
      comp type:               RCONST,  comp name: (null)
      comp type:               FIXVAL,  comp name: (null)
      comp type:               FIXVAL,  comp name: (null)
      comp type:               FIXVAL,  comp name: (null)
      comp type:              gain_cb,  comp name: (null)
      comp type:              gain_cb,  comp name: (null)
      comp type:              gain_cb,  comp name: (null)
      comp type:              gain_cb,  comp name: (null)
      comp type:              gain_cb,  comp name: (null)
      comp type:              gain_cb,  comp name: (null)
      comp type:              gain_cb,  comp name: (null)
      comp type:              gain_cb,  comp name: (null)
      comp type:               ICONST,  comp name: (null)
      comp type:               inv_cb,  comp name: (null)
      comp type:                mul_B,  comp name: (null)
      comp type:             slider_f,  comp name: (null)
      comp type:             slider_f,  comp name: (null)
      comp type:             slider_f,  comp name: (null)
      comp type:             slider_f,  comp name: (null)
      comp type:             slider_f,  comp name: (null)
      comp type:             slider_f,  comp name: (null)
      comp type:             slider_f,  comp name: (null)
      comp type:             FGENtri2,  comp name: (null)
      comp type:             FGENtri2,  comp name: (null)
      comp type:               sum3_B,  comp name: (null)
      comp type:               sum3_B,  comp name: (null)
      comp type:               sum3_B,  comp name: (null)
      comp type:               sum3_B,  comp name: (null)
      comp type:               sum3_B,  comp name: (null)
      comp type:               sum3_B,  comp name: (null)
      comp type:               SUM9RC,  comp name: (null)
      comp type:               SUM9RC,  comp name: (null)
      comp type:               SUM9RC,  comp name: (null)
      comp type:              ss_brc3,  comp name: VDCP
      comp type:      timestepPolling,  comp name: (null)_0_0
      comp type:          t2semaphore,  comp name: t2semaphore_1
      comp type:               DEGRAD,  comp name: (null)
      comp type:             dtdel_cb,  comp name: (null)
      comp type:              gain_cb,  comp name: (null)
      comp type:              gain_cb,  comp name: (null)
      comp type:              gain_cb,  comp name: (null)
      comp type:            ieee2int_,  comp name: (null)
      comp type:            ieee2int_,  comp name: (null)
      comp type:                 sh_B,  comp name: (null)
      comp type:                 sh_B,  comp name: (null)
      comp type:                 sh_B,  comp name: (null)
      comp type:                 sh_B,  comp name: (null)
      comp type:                 sh_B,  comp name: (null)
      comp type:                 sh_B,  comp name: (null)
      comp type:               sum3_B,  comp name: (null)
      comp type:               sum3_B,  comp name: (null)
      comp type:               sum3_B,  comp name: (null)
      comp type:               SUM9RC,  comp name: (null)
      comp type:              time_cb,  comp name: (null)
      comp type:             xdivy_cb,  comp name: (null)
      comp type:             xdivy_cb,  comp name: (null)
      comp type:             xdivy_cb,  comp name: (null)
      comp type:             xdivy_cb,  comp name: (null)
      comp type:             xdivy_cb,  comp name: (null)
      comp type:                ARAMP,  comp name: (null)
      comp type:               exp_cb,  comp name: (null)
      comp type:              gain_cb,  comp name: (null)
      comp type:            limits_cb,  comp name: (null)
      comp type:                mul_B,  comp name: (null)
      comp type:                mul_B,  comp name: (null)
      comp type:                mul_B,  comp name: (null)
      comp type:                mul_B,  comp name: (null)
      comp type:                 sh_B,  comp name: (null)
      comp type:               sum3_B,  comp name: (null)
      comp type:               sum3_B,  comp name: (null)
      comp type:             xdivy_cb,  comp name: (null)
      comp type:             xdivy_cb,  comp name: (null)
      comp type:              gain_cb,  comp name: (null)
      comp type:              gain_cb,  comp name: (null)
      comp type:                mul_B,  comp name: (null)
      comp type:                mul_B,  comp name: (null)
      comp type:                mul_B,  comp name: (null)
      comp type:                 sh_B,  comp name: (null)
      comp type:             ss_sine3,  comp name: (null)
      comp type:            ieee2int_,  comp name: (null)
      comp type:            ieee2int_,  comp name: (null)
      comp type:            ieee2int_,  comp name: (null)
      comp type:            int2ieee_,  comp name: (null)
      comp type:            int2ieee_,  comp name: (null)
      comp type:            int2ieee_,  comp name: (null)
      comp type:               sdelay,  comp name: (null)
      comp type:                 sh_B,  comp name: (null)
      comp type:                 sh_B,  comp name: (null)
      comp type:                 sh_B,  comp name: (null)
      comp type:               sum3_B,  comp name: (null)
      comp type:               sum3_B,  comp name: (null)
      comp type:               sum3_B,  comp name: (null)
      comp type:             xdivy_cb,  comp name: (null)
      comp type:             xdivy_cb,  comp name: (null)
      comp type:             xdivy_cb,  comp name: (null)
      comp type:             xdivy_cb,  comp name: (null)
      comp type:             xdivy_cb,  comp name: (null)
      comp type:              gain_cb,  comp name: (null)
      comp type:              gain_cb,  comp name: (null)
      comp type:              gain_cb,  comp name: (null)
      comp type:                mul_B,  comp name: (null)
      comp type:                mul_B,  comp name: (null)
      comp type:                mul_B,  comp name: (null)
      comp type:               sum3_B,  comp name: (null)
      comp type:               sum3_B,  comp name: (null)
      comp type:               sum3_B,  comp name: (null)
      comp type:              gain_cb,  comp name: (null)
      comp type:              gain_cb,  comp name: (null)
      comp type:              gain_cb,  comp name: (null)
      comp type:             xdivy_cb,  comp name: (null)
      comp type:             xdivy_cb,  comp name: (null)
      comp type:            ANN_Final,  comp name: (null)
      comp type:           abc2dq0_cb,  comp name: (null)
      comp type:                mul_B,  comp name: (null)
      comp type:                mul_B,  comp name: (null)
      comp type:                mul_B,  comp name: (null)
      comp type:               RI2MAC,  comp name: (null)
      comp type:               sum3_B,  comp name: (null)
      comp type:             xdivy_cb,  comp name: (null)
      comp type:             xdivy_cb,  comp name: (null)
      comp type:             xdivy_cb,  comp name: (null)
      comp type:             xdivy_cb,  comp name: (null)
      comp type:             xdivy_cb,  comp name: (null)
      comp type:             xdivy_cb,  comp name: (null)
      comp type:              gain_cb,  comp name: (null)
      comp type:              gain_cb,  comp name: (null)
      comp type:              gain_cb,  comp name: (null)
      comp type:              gain_cb,  comp name: (null)
      comp type:              gain_cb,  comp name: (null)
      comp type:              gain_cb,  comp name: (null)
      comp type:            limits_cb,  comp name: (null)
      comp type:               RI2MAC,  comp name: (null)
      comp type:               RI2MAC,  comp name: (null)
      comp type:            anglefix_,  comp name: (null)
      comp type:              gain_cb,  comp name: (null)
      comp type:              sine_cb,  comp name: (null)
      comp type:           dq02abc_cb,  comp name: (null)
      comp type:                mul_B,  comp name: (null)
      comp type:                mul_B,  comp name: (null)
      comp type:               sum3_B,  comp name: (null)
      comp type:               sum3_B,  comp name: (null)
      comp type:               sum3_B,  comp name: (null)
      comp type:              gain_cb,  comp name: (null)
      comp type:              gain_cb,  comp name: (null)
      comp type:              gain_cb,  comp name: (null)
      comp type:               sum3_B,  comp name: (null)
      comp type:               sum3_B,  comp name: (null)
      comp type:               sum3_B,  comp name: (null)
      comp type:               sum3_B,  comp name: (null)
      comp type:               sum3_B,  comp name: (null)
      comp type:               sum3_B,  comp name: (null)
      comp type:               sum3_B,  comp name: (null)
      comp type:               sum3_B,  comp name: (null)
      comp type:               sum3_B,  comp name: (null)
      comp type:               sum3_B,  comp name: (null)
      comp type:             _floorCB,  comp name: (null)
      comp type:             _floorCB,  comp name: (null)
      comp type:             _floorCB,  comp name: (null)
      comp type:             _floorCB,  comp name: (null)
      comp type:             _floorCB,  comp name: (null)
      comp type:              gain_cb,  comp name: (null)
      comp type:               sum3_B,  comp name: (null)
      comp type:               sum3_B,  comp name: (null)
      comp type:               sum3_B,  comp name: (null)
      comp type:               sum3_B,  comp name: (null)
      comp type:               sum3_B,  comp name: (null)
      comp type:             _floorCB,  comp name: (null)
      comp type:           compareX04,  comp name: (null)
      comp type:           compareX04,  comp name: (null)
      comp type:           compareX04,  comp name: (null)
      comp type:           compareX04,  comp name: (null)
      comp type:           compareX04,  comp name: (null)
      comp type:               sum3_B,  comp name: (null)
      comp type:               sum3_B,  comp name: (null)
      comp type:               sum3_B,  comp name: (null)
      comp type:               sum3_B,  comp name: (null)
      comp type:               sum3_B,  comp name: (null)
      comp type:               sum3_B,  comp name: (null)
      comp type:               sum3_B,  comp name: (null)
      comp type:           compareX04,  comp name: (null)
      comp type:            limits_cb,  comp name: (null)
      comp type:            limits_cb,  comp name: (null)
      comp type:            limits_cb,  comp name: (null)
      comp type:            limits_cb,  comp name: (null)
      comp type:            limits_cb,  comp name: (null)
      comp type:               sum3_B,  comp name: (null)
      comp type:            ieee2int_,  comp name: (null)
      comp type:            ieee2int_,  comp name: (null)
      comp type:            ieee2int_,  comp name: (null)
      comp type:            ieee2int_,  comp name: (null)
      comp type:            ieee2int_,  comp name: (null)
      comp type:            limits_cb,  comp name: (null)
      comp type:              ss_mmc5,  comp name: MMC2
      comp type:              ss_mmc5,  comp name: MMC3
      comp type:              ss_mmc5,  comp name: MMC4
      comp type:              ss_mmc5,  comp name: MMC5
      comp type:              ss_mmc5,  comp name: MMC6
      comp type:            ieee2int_,  comp name: (null)
      comp type:              ss_mmc5,  comp name: MMC1
      comp type:              gain_cb,  comp name: (null)
      comp type:               sum3_B,  comp name: (null)

  >>>>>>>>>>>>>>>>>>>>>>>>>>>>>>>>>>>>>>>>>>>>> 

RISC CONTROLS COMPONENTS(proc 0) --> NovaCor Core #1 
numberOfModels = 254
Substep box "mmc": mainstep: 50000ns, Substep Divisor: 5, substep: 10000ns

Subsystem 1, Network Solution for box named mmc on core 1 Statistics:
Number of nodes: 5
Number of passed G values: 6
Number of switched G overlays: 0
Number of columns dynamically decomposed: 4
Advanced optimizations turned ON/OFF : ON

